// Jest Snapshot v1, https://goo.gl/fbAQLP

exports[`Datasource.vue should match the snapshot 1`] = `undefined`;
